// Jest Snapshot v1, https://goo.gl/fbAQLP

exports[`AboutView matches the snapshot 1`] = `
<div>
  <h1>About</h1>
  <p>Contenido de la p√°gina About</p>
</div>
`;
